C51 COMPILER V9.01   MAIN                                                                  10/21/2018 23:52:47 PAGE 1   


C51 COMPILER V9.01, COMPILATION OF MODULE MAIN
OBJECT MODULE PLACED IN main.OBJ
COMPILER INVOKED BY: D:\Keil\C51\BIN\C51.EXE main.c OMF2 BROWSE DEBUG

line level    source

   1          #include "reg52.h"
   2          #include "intrins.h"
   3          
   4          //晶振频率=12MHZ
   5          //时钟周期=晶振周期=1/12MHZ
   6          //1个机器周期=12个时钟周期 = 1/1MHZ= 1us
   7          //1个指令周期=若干个机器周期 
   8          sbit relay = P1^4;
   9          
  10          
  11          /*
  12          void delay(unsigned char i){    
  13          while(i--);                                             //一次循环大约10个机器周期=10us=0.01ms
  14          }
  15          */
  16          void delay2s(void)   //误差 0us
  17          {
  18   1          unsigned char a,b,c;
  19   1          for(c=127;c>0;c--)
  20   1              for(b=235;b>0;b--)
  21   1                  for(a=32;a>0;a--);
  22   1          _nop_();  //if Keil,require use intrins.h
  23   1      }
  24          
  25          void main(){
  26   1      
  27   1              
  28   1              relay=0;
  29   1              while(1){
  30   2                      delay2s();
  31   2                      relay=~relay;   
  32   2                      
  33   2                      
  34   2              }
  35   1      }


MODULE INFORMATION:   STATIC OVERLAYABLE
   CODE SIZE        =     23    ----
   CONSTANT SIZE    =   ----    ----
   XDATA SIZE       =   ----    ----
   PDATA SIZE       =   ----    ----
   DATA SIZE        =   ----    ----
   IDATA SIZE       =   ----    ----
   BIT SIZE         =   ----    ----
   EDATA SIZE       =   ----    ----
   HDATA SIZE       =   ----    ----
   XDATA CONST SIZE =   ----    ----
   FAR CONST SIZE   =   ----    ----
END OF MODULE INFORMATION.


C51 COMPILATION COMPLETE.  0 WARNING(S),  0 ERROR(S)
