C51 COMPILER V9.01   MAIN                                                                  05/29/2019 23:57:14 PAGE 1   


C51 COMPILER V9.01, COMPILATION OF MODULE MAIN
OBJECT MODULE PLACED IN main.OBJ
COMPILER INVOKED BY: D:\Keil\C51\BIN\C51.EXE main.c BROWSE DEBUG OBJECTEXTEND

line level    source

   1          /**************************************************************************************
   2          *                             独立按键实验                                                                                                *
   3          实现现象：下载程序后按下K1按键可以对D11小灯状态取反。
   4          注意事项：无                                                                                                                                                              
   5          ***************************************************************************************/
   6          
   7          #include "reg52.h"                       //此文件中定义了单片机的一些特殊功能寄存器
   8          
   9          typedef unsigned int u16;         //对数据类型进行声明定义
  10          typedef unsigned char u8;
  11          
  12          sbit k1=P1^0;    //定义P10口是k1
  13          sbit led=P0^0;   //定义P00口是led
  14          
  15          /*******************************************************************************
  16          * 函 数 名         : delay
  17          * 函数功能                 : 延时函数，i=1时，大约延时10us
  18          *******************************************************************************/
  19          void delay(u16 i)
  20          {
  21   1              while(i--);     
  22   1      }
  23          
  24          /*******************************************************************************
  25          * 函 数 名         : keypros
  26          * 函数功能                 : 按键处理函数，判断按键K1是否按下
  27          *******************************************************************************/
  28          void keypros()
  29          {
  30   1              if(k1==0)                 //检测按键K1是否按下
  31   1              {       
  32   2                      delay(1000);   //消除抖动 一般大约10ms
  33   2                      if(k1==0)        //再次判断按键是否按下
  34   2                      {
  35   3                              led=~led;         //led状态取反
  36   3                      }
  37   2                      while(!k1);      //检测按键是否松开
  38   2              }               
  39   1      }
  40          
  41          /*******************************************************************************
  42          * 函 数 名       : main
  43          * 函数功能               : 主函数
  44          * 输    入       : 无
  45          * 输    出       : 无
  46          *******************************************************************************/
  47          void main()
  48          {       
  49   1              led=0;
  50   1              while(1)
  51   1              {       
  52   2                      keypros();  //按键处理函数      
  53   2              }               
  54   1      }

C51 COMPILER V9.01   MAIN                                                                  05/29/2019 23:57:14 PAGE 2   


MODULE INFORMATION:   STATIC OVERLAYABLE
   CODE SIZE        =     37    ----
   CONSTANT SIZE    =   ----    ----
   XDATA SIZE       =   ----    ----
   PDATA SIZE       =   ----    ----
   DATA SIZE        =   ----    ----
   IDATA SIZE       =   ----    ----
   BIT SIZE         =   ----    ----
END OF MODULE INFORMATION.


C51 COMPILATION COMPLETE.  0 WARNING(S),  0 ERROR(S)
