C51 COMPILER V9.01   MAIN                                                                  05/29/2019 19:19:34 PAGE 1   


C51 COMPILER V9.01, COMPILATION OF MODULE MAIN
OBJECT MODULE PLACED IN main.OBJ
COMPILER INVOKED BY: D:\Keil\C51\BIN\C51.EXE main.c BROWSE DEBUG OBJECTEXTEND

line level    source

   1          #include "reg52.h"
   2          #include "intrins.h"
   3          
   4          typedef unsigned char u8;
   5          typedef unsigned int u16;
   6          
   7          #define GPIO_DIG P0
   8          #define GPIO_KEY P1
   9          
  10          u8 code smgduan[16]={0x3f,0x06,0x5b,0x4f,
  11                                                  0x66,0x6d,0x7d,0x07,
  12                                                  0x7f,0x6f,0x77,0x7c,
  13                                                  0x39,0x5e,0x79,0x71};
  14          u8 keyValue;
  15          void delay(u16 i){while(i--);}
  16          
  17          //这个函数能修改KeyValue的值0-15
  18          void keyDown(){
  19   1              char a=0;
  20   1              GPIO_KEY=0x0f;
  21   1              if(GPIO_KEY!=0x0f){
  22   2                      delay(1000);
  23   2                      if(GPIO_KEY!=0x0f){
  24   3                               switch(GPIO_KEY){
  25   4                                      case(0x07) :keyValue=0;break;
  26   4                                      case(0x0b) :keyValue=1;break;
  27   4                                      case(0x0d) :keyValue=2;break;
  28   4                                      case(0x0e) :keyValue=3;break;
  29   4                               }
  30   3                               GPIO_KEY=0xf0;
  31   3                               switch(GPIO_KEY){
  32   4                                      case(0x70) :keyValue=keyValue;break;
  33   4                                      case(0xb0) :keyValue=keyValue+4;break;
  34   4                                      case(0xd0) :keyValue=keyValue+8;break;
  35   4                                      case(0xe0) :keyValue=keyValue+12;break;
  36   4                               }
  37   3                               while((a<50)&&(GPIO_KEY!=0xf0)){
  38   4                                       delay(1000);
  39   4                                       a++;
  40   4                               }
  41   3                      }
  42   2              }
  43   1      }                 
  44          
  45          void main(){
  46   1      
  47   1              while(1){
  48   2              
  49   2                      keyDown();      
  50   2                      GPIO_DIG=~smgduan[keyValue];
  51   2              }
  52   1              
  53   1      }


C51 COMPILER V9.01   MAIN                                                                  05/29/2019 19:19:34 PAGE 2   

MODULE INFORMATION:   STATIC OVERLAYABLE
   CODE SIZE        =    154    ----
   CONSTANT SIZE    =     16    ----
   XDATA SIZE       =   ----    ----
   PDATA SIZE       =   ----    ----
   DATA SIZE        =      1       1
   IDATA SIZE       =   ----    ----
   BIT SIZE         =   ----    ----
END OF MODULE INFORMATION.


C51 COMPILATION COMPLETE.  0 WARNING(S),  0 ERROR(S)
